// Jest Snapshot v1, https://goo.gl/fbAQLP

exports[`getEntries should return correct csv 1`] = `"IlBsYXllcidzIG5hbWUiLCJQbGF5ZXIncyB0ZWFtIGFicmV2aWF0aW9uIiwiUGxheWVyJ3MgcG9zdGlvbiIsIlJ1c2hpbmcgQXR0ZW1wdHMgUGVyIEdhbWUgQXZlcmFnZSIsIlJ1c2hpbmcgQXR0ZW1wdHMiLCJUb3RhbCBSdXNoaW5nIFlhcmRzIiwiUnVzaGluZyBBdmVyYWdlIFlhcmRzIFBlciBBdHRlbXB0IiwiUnVzaGluZyBZYXJkcyBQZXIgR2FtZSIsIlRvdGFsIFJ1c2hpbmcgVG91Y2hkb3ducyIsIkxvbmdlc3QgUnVzaCIsIlJ1c2hpbmcgRmlyc3QgRG93bnMiLCJSdXNoaW5nIEZpcnN0IERvd24gUGVyY2VudGFnZSIsIlJ1c2hpbmcgMjArIFlhcmRzIEVhY2giLCJSdXNoaW5nIDQwKyBZYXJkcyBFYWNoIiwiUnVzaGluZyBGdW1ibGVzIgoiU2FtIEtvY2giLCJCQUwiLCJQIiwiMC4xIiwiMiIsIi0yMyIsIi0xMS41IiwiLTEuNCIsIjAiLCIwIiwiMCIsIjAiLCIwIiwiMCIsIjAiCiJEZU1hcmN1cyBBeWVycyIsIlBJVCIsIldSIiwiMSIsIjIiLCItMTIiLCItNiIsIi02IiwiMCIsIjAiLCIwIiwiMCIsIjAiLCIwIiwiMCIKIkVsaSBNYW5uaW5nIiwiTllHIiwiUUIiLCIxLjMiLCIyMSIsIi05IiwiLTAuNCIsIi0wLjYiLCIwIiwiNiIsIjIiLCI5LjUiLCIwIiwiMCIsIjAiCiJUYWl3YW4gSm9uZXMiLCJPQUsiLCJSQiIsIjAuMSIsIjEiLCItOCIsIi04IiwiLTAuNiIsIjAiLCItOCIsIjAiLCIwIiwiMCIsIjAiLCIwIgoiSmFtZXMgV3JpZ2h0IiwiQ0lOIiwiV1IiLCIwLjIiLCIyIiwiLTYiLCItMyIsIi0wLjUiLCIwIiwiMiIsIjEiLCI1MCIsIjAiLCIwIiwiMCIKIlJ5YW4gTWFsbGV0dCIsIkJBTCIsIlFCIiwiMS4yIiwiNSIsIi02IiwiLTEuMiIsIi0xLjUiLCIwIiwiLTEiLCIwIiwiMCIsIjAiLCIwIiwiMCIKIlRyYXZpcyBLZWxjZSIsIktDIiwiVEUiLCIwLjEiLCIxIiwiLTUiLCItNSIsIi0wLjMiLCIwIiwiLTUiLCIwIiwiMCIsIjAiLCIwIiwiMCIKIk5pY2sgRm9sZXMiLCJLQyIsIlFCIiwiMS4zIiwiNCIsIi00IiwiLTEiLCItMS4zIiwiMCIsIi0xIiwiMCIsIjAiLCIwIiwiMCIsIjAiCiJMYW5kcnkgSm9uZXMiLCJQSVQiLCJRQiIsIjAuOCIsIjYiLCItNCIsIi0wLjciLCItMC41IiwiMCIsIjAiLCIwIiwiMCIsIjAiLCIwIiwiMCIKIkJyYW5kb24gQnVya3MiLCJOWUoiLCJSQiIsIjIiLCIyIiwiLTQiLCItMiIsIi00IiwiMCIsIjEiLCIwIiwiMCIsIjAiLCIwIiwiMCIKIlJlZ2dpZSBCdXNoIiwiQlVGIiwiUkIiLCIwLjkiLCIxMiIsIi0zIiwiLTAuMyIsIi0wLjIiLCIxIiwiNSIsIjIiLCIxNi43IiwiMCIsIjAiLCIxIgoiSm9yZGFuIEJlcnJ5IiwiUElUIiwiUCIsIjAuMSIsIjEiLCItMyIsIi0zIiwiLTAuMiIsIjAiLCItMyIsIjAiLCIwIiwiMCIsIjAiLCIxIgoiTWF0dCBNY0dsb2luIiwiT0FLIiwiUUIiLCIxIiwiMyIsIi0zIiwiLTEiLCItMSIsIjAiLCItMSIsIjAiLCIwIiwiMCIsIjAiLCIwIgoiVHJhdmlzIEJlbmphbWluIiwiU0QiLCJXUiIsIjAuMSIsIjIiLCItMyIsIi0xLjUiLCItMC4yIiwiMCIsIi0xIiwiMCIsIjAiLCIwIiwiMCIsIjAiCiJEcmV3IFN0YW50b24iLCJBUkkiLCJRQiIsIjAuNiIsIjMiLCItMyIsIi0xIiwiLTAuNiIsIjAiLCItMSIsIjAiLCIwIiwiMCIsIjAiLCIwIgoiV2lsbCBGdWxsZXIiLCJIT1UiLCJXUiIsIjAuMSIsIjEiLCItMyIsIi0zIiwiLTAuMiIsIjAiLCItMyIsIjAiLCIwIiwiMCIsIjAiLCIwIgoiQnJldHQgSHVuZGxleSIsIkdCIiwiUUIiLCIwLjgiLCIzIiwiLTIiLCItMC43IiwiLTAuNSIsIjAiLCIwIiwiMCIsIjAiLCIwIiwiMCIsIjEiCiJCcmFuZG9uIExhRmVsbCIsIkNJTiIsIldSIiwiMC4xIiwiMSIsIi0yIiwiLTIiLCItMC4xIiwiMCIsIi0yIiwiMCIsIjAiLCIwIiwiMCIsIjAiCiJWYWxlbnRpbm8gQmxha2UiLCJURU4iLCJEQiIsIjAuMSIsIjEiLCItMiIsIi0yIiwiLTAuMSIsIjAiLCItMiIsIjAiLCIwIiwiMCIsIjAiLCIwIgoiTWF0dCBTY2hhdWIiLCJBVEwiLCJRQiIsIjAuNSIsIjIiLCItMiIsIi0xIiwiLTAuNSIsIjAiLCItMSIsIjAiLCIwIiwiMCIsIjAiLCIwIgoiQ2hhZCBIZW5uZSIsIkpBWCIsIlFCIiwiMSIsIjEiLCItMiIsIi0yIiwiLTIiLCIwIiwiLTIiLCIwIiwiMCIsIjAiLCIwIiwiMCIKIk1hcmsgU2FuY2hleiIsIkRBTCIsIlFCIiwiMiIsIjQiLCItMiIsIi0wLjUiLCItMSIsIjAiLCIxIiwiMCIsIjAiLCIwIiwiMCIsIjAiCiJCcmlhbiBIb3llciIsIkNISSIsIlFCIiwiMS4yIiwiNyIsIi0yIiwiLTAuMyIsIi0wLjMiLCIwIiwiMyIsIjAiLCIwIiwiMCIsIjAiLCIyIgoiSmFtaXNvbiBDcm93ZGVyIiwiV0FTIiwiV1IiLCIwLjEiLCIyIiwiLTIiLCItMSIsIi0wLjEiLCIwIiwiNyIsIjEiLCI1MCIsIjAiLCIwIiwiMCIKIkNhcmRhbGUgSm9uZXMiLCJCVUYiLCJRQiIsIjEiLCIxIiwiLTEiLCItMSIsIi0xIiwiMCIsIi0xIiwiMCIsIjAiLCIwIiwiMCIsIjAiCiJNYXR0IE1vb3JlIiwiTUlBIiwiUUIiLCIwLjIiLCIxIiwiLTEiLCItMSIsIi0wLjIiLCIwIiwiLTEiLCIwIiwiMCIsIjAiLCIwIiwiMCIKIktlbGxlbiBDbGVtZW5zIiwiU0QiLCJRQiIsIjAuMiIsIjIiLCItMSIsIi0wLjUiLCItMC4xIiwiMCIsIjAiLCIwIiwiMCIsIjAiLCIwIiwiMCIKIkplcmVteSBNYWNsaW4iLCJLQyIsIldSIiwiMC4xIiwiMSIsIi0xIiwiLTEiLCItMC4xIiwiMCIsIi0xIiwiMCIsIjAiLCIwIiwiMCIsIjAiCiJTZWFuIE1hbm5pb24iLCJMQSIsIlFCIiwiMSIsIjEiLCItMSIsIi0xIiwiLTEiLCIwIiwiLTEiLCIwIiwiMCIsIjAiLCIwIiwiMSIKIkRvbnRlIE1vbmNyaWVmIiwiSU5EIiwiV1IiLCIwLjEiLCIxIiwiLTEiLCItMSIsIi0wLjEiLCIwIiwiLTEiLCIwIiwiMCIsIjAiLCIwIiwiMCIKIkRvbm5pZSBKb25lcyIsIlBISSIsIlAiLCIwLjEiLCIxIiwiMCIsIjAiLCIwIiwiMCIsIjAiLCIwIiwiMCIsIjAiLCIwIiwiMSIKIk1hcmNlbCBSZWVjZSIsIlNFQSIsIkZCIiwiMC41IiwiMiIsIjAiLCIwIiwiMCIsIjAiLCIwIiwiMCIsIjAiLCIwIiwiMCIsIjAiCiJKaW1teSBHcmFoYW0iLCJTRUEiLCJURSIsIjAuMSIsIjEiLCIwIiwiMCIsIjAiLCIwIiwiMCIsIjAiLCIwIiwiMCIsIjAiLCIwIgoiRHJldyBLYXNlciIsIlNEIiwiUCIsIjAuMSIsIjEiLCIwIiwiMCIsIjAiLCIwIiwiMCIsIjAiLCIwIiwiMCIsIjAiLCIxIgoiQnJheHRvbiBNaWxsZXIiLCJIT1UiLCJXUiIsIjAuMyIsIjMiLCIwIiwiMCIsIjAiLCIwIiwiMSIsIjAiLCIwIiwiMCIsIjAiLCIwIgoiQW5kcmV3IEhhd2tpbnMiLCJDTEUiLCJXUiIsIjAuMSIsIjIiLCIwIiwiMCIsIjAiLCIwIiwiMSIsIjAiLCIwIiwiMCIsIjAiLCIwIgoiTG9yZW56byBUYWxpYWZlcnJvIiwiQkFMIiwiUkIiLCIwLjMiLCIxIiwiMCIsIjAiLCIwIiwiMCIsIjAiLCIwIiwiMCIsIjAiLCIwIiwiMCIKIkRyZXcgQnV0bGVyIiwiQVJJIiwiUCIsIjAuMSIsIjEiLCIwIiwiMCIsIjAiLCIwIiwiMCIsIjAiLCIwIiwiMCIsIjAiLCIxIgoiQW1hcmkgQ29vcGVyIiwiT0FLIiwiV1IiLCIwLjEiLCIxIiwiMCIsIjAiLCIwIiwiMCIsIjAiLCIwIiwiMCIsIjAiLCIwIiwiMCIKIkxhYyBFZHdhcmRzIiwiTllKIiwiUCIsIjAuMSIsIjEiLCIwIiwiMCIsIjAiLCIwIiwiMCIsIjAiLCIwIiwiMCIsIjAiLCIxIgoiTWF0dCBEYXJyIiwiTUlBIiwiUCIsIjAuMSIsIjEiLCIwIiwiMCIsIjAiLCIwIiwiMCIsIjAiLCIwIiwiMCIsIjAiLCIyIgoiSm9lIEtlcnJpZGdlIiwiR0IiLCJSQiIsIjAuMSIsIjEiLCIwIiwiMCIsIjAiLCIwIiwiMCIsIjAiLCIwIiwiMCIsIjAiLCIwIgoiSm9yZGFuIE5vcndvb2QiLCJERU4iLCJXUiIsIjAuMSIsIjEiLCIwIiwiMCIsIjAiLCIwIiwiMCIsIjAiLCIwIiwiMCIsIjAiLCIwIgoiUGF0IE1jQWZlZSIsIklORCIsIlAiLCIwLjEiLCIxIiwiMCIsIjAiLCIwIiwiMCIsIjAiLCIwIiwiMCIsIjAiLCIwIiwiMCIKIkRhdmlkIEZhbGVzIiwiQ0hJIiwiUUIiLCIxIiwiMSIsIjAiLCIwIiwiMCIsIjAiLCIwIiwiMCIsIjAiLCIwIiwiMCIsIjEiCiJDaGFybGllIFdoaXRlaHVyc3QiLCJDTEUiLCJRQiIsIjIiLCIyIiwiMSIsIjAuNSIsIjEiLCIwIiwiMiIsIjAiLCIwIiwiMCIsIjAiLCIwIgoiUmhldHQgRWxsaXNvbiIsIk1JTiIsIlRFIiwiMC4xIiwiMSIsIjEiLCIxIiwiMC4xIiwiMSIsIjFUIiwiMSIsIjEwMCIsIjAiLCIwIiwiMCIKIkRvbnRhcmkgUG9lIiwiS0MiLCJOVCIsIjAuMSIsIjEiLCIxIiwiMSIsIjAuMSIsIjEiLCIxVCIsIjEiLCIxMDAiLCIwIiwiMCIsIjAiCiJUYWphZSBTaGFycGUiLCJURU4iLCJXUiIsIjAuMSIsIjEiLCIxIiwiMSIsIjAuMSIsIjAiLCIxIiwiMCIsIjAiLCIwIiwiMCIsIjAiCiJKYWtlZW0gR3JhbnQiLCJNSUEiLCJXUiIsIjAuMSIsIjEiLCIxIiwiMSIsIjAuMSIsIjAiLCIxIiwiMCIsIjAiLCIwIiwiMCIsIjAiCiJUcmV2b25lIEJveWtpbiIsIlNFQSIsIlFCIiwiMS42IiwiOCIsIjEiLCIwLjEiLCIwLjIiLCIwIiwiMTEiLCIxIiwiMTIuNSIsIjAiLCIwIiwiMCIKIkdlb3JnZSBGYXJtZXIiLCJTRUEiLCJSQiIsIjAuNSIsIjEiLCIxIiwiMSIsIjAuNSIsIjAiLCIxIiwiMCIsIjAiLCIwIiwiMCIsIjAiCiJFcmljIEVicm9uIiwiREVUIiwiVEUiLCIwLjEiLCIxIiwiMSIsIjEiLCIwLjEiLCIxIiwiMVQiLCIxIiwiMTAwIiwiMCIsIjAiLCIwIgoiQnJlc2hhZCBQZXJyaW1hbiIsIkJBTCIsIldSIiwiMC4xIiwiMSIsIjIiLCIyIiwiMC4xIiwiMCIsIjIiLCIwIiwiMCIsIjAiLCIwIiwiMCIKIkNvYnkgRmxlZW5lciIsIk5PIiwiVEUiLCIwLjEiLCIxIiwiMiIsIjIiLCIwLjEiLCIxIiwiMlQiLCIxIiwiMTAwIiwiMCIsIjAiLCIwIgoiSi5ELiBNY0tpc3NpYyIsIlNFQSIsIlJCIiwiMSIsIjEiLCIyIiwiMiIsIjIiLCIwIiwiMiIsIjAiLCIwIiwiMCIsIjAiLCIwIgoiV2lsbCBUdWt1YWZ1IiwiU0VBIiwiRkIiLCIwLjMiLCIyIiwiMiIsIjEiLCIwLjMiLCIwIiwiMiIsIjAiLCIwIiwiMCIsIjAiLCIwIgoiRG91ZyBCYWxkd2luIiwiU0VBIiwiV1IiLCIwLjIiLCIzIiwiMiIsIjAuNyIsIjAuMSIsIjAiLCI0IiwiMCIsIjAiLCIwIiwiMCIsIjAiCiJEZXh0ZXIgTWNDbHVzdGVyIiwiU0QiLCJXUiIsIjAuNSIsIjMiLCIyIiwiMC43IiwiMC4zIiwiMCIsIjIiLCIwIiwiMCIsIjAiLCIwIiwiMCIKIk1hdHQgQmFya2xleSIsIkNISSIsIlFCIiwiMSIsIjciLCIyIiwiMC4zIiwiMC4zIiwiMCIsIjUiLCIwIiwiMCIsIjAiLCIwIiwiMiIKIkJyYWRsZXkgTWFycXVleiIsIkxBIiwiV1IiLCIwLjEiLCIxIiwiMiIsIjIiLCIwLjEiLCIwIiwiMiIsIjAiLCIwIiwiMCIsIjAiLCIwIgoiQ2hyaXMgUHJvc2luc2tpIiwiQ0hJIiwiU1MiLCIwLjEiLCIxIiwiMiIsIjIiLCIwLjEiLCIwIiwiMiIsIjEiLCIxMDAiLCIwIiwiMCIsIjAiCiJTY290dCBUb2x6aWVuIiwiSU5EIiwiUUIiLCIyIiwiNiIsIjMiLCIwLjUiLCIxIiwiMCIsIjUiLCIwIiwiMCIsIjAiLCIwIiwiMCIKIlR5bGVyIEVydmluIiwiSE9VIiwiUkIiLCIwLjEiLCIxIiwiMyIsIjMiLCIwLjIiLCIwIiwiMyIsIjAiLCIwIiwiMCIsIjAiLCIwIgoiTWF0dCBDYXNzZWwiLCJURU4iLCJRQiIsIjEiLCI0IiwiMyIsIjAuOCIsIjAuOCIsIjAiLCIzIiwiMCIsIjAiLCIwIiwiMCIsIjAiCiJKYWxzdG9uIEZvd2xlciIsIlRFTiIsIkZCIiwiMC4xIiwiMSIsIjMiLCIzIiwiMC4yIiwiMCIsIjMiLCIwIiwiMCIsIjAiLCIwIiwiMCIKIk1hcnZpbiBKb25lcyIsIkRFVCIsIldSIiwiMC4xIiwiMSIsIjMiLCIzIiwiMC4yIiwiMCIsIjMiLCIwIiwiMCIsIjAiLCIwIiwiMCIKIkJyeWFuIFdhbHRlcnMiLCJKQVgiLCJXUiIsIjAuMSIsIjEiLCI0IiwiNCIsIjAuNCIsIjAiLCI0IiwiMSIsIjEwMCIsIjAiLCIwIiwiMCIKIkRlcmVrIEFuZGVyc29uIiwiQ0FSIiwiUUIiLCIwLjIiLCIxIiwiNCIsIjQiLCIwLjgiLCIwIiwiNCIsIjAiLCIwIiwiMCIsIjAiLCIxIgoiR29sZGVuIFRhdGUiLCJERVQiLCJXUiIsIjAuNiIsIjEwIiwiNCIsIjAuNCIsIjAuMiIsIjAiLCIxMSIsIjEiLCIxMCIsIjAiLCIwIiwiMSIKIkRlcmVrIFdhdHQiLCJTRCIsIkZCIiwiMC4xIiwiMiIsIjQiLCIyIiwiMC4yIiwiMCIsIjIiLCIyIiwiMTAwIiwiMCIsIjAiLCIwIgoiQnJhbG9uIEFkZGlzb24iLCJDSEkiLCJXUiIsIjAuNSIsIjEiLCI0IiwiNCIsIjIiLCIwIiwiNCIsIjAiLCIwIiwiMCIsIjAiLCIwIgoiQnJhbmRvbiBCb2xkZW4iLCJORSIsIlJCIiwiMC4xIiwiMSIsIjQiLCI0IiwiMC4zIiwiMCIsIjQiLCIwIiwiMCIsIjAiLCIwIiwiMCIKIkVtbWFudWVsIFNhbmRlcnMiLCJERU4iLCJXUiIsIjAuMSIsIjEiLCI0IiwiNCIsIjAuMiIsIjAiLCI0IiwiMCIsIjAiLCIwIiwiMCIsIjAiCiJTaGF1biBIaWxsIiwiTUlOIiwiUUIiLCIxLjciLCI1IiwiNSIsIjEiLCIxLjciLCIwIiwiOSIsIjAiLCIwIiwiMCIsIjAiLCIwIgoiSm9zaCBIdWZmIiwiVEIiLCJXUiIsIjAuMyIsIjEiLCI1IiwiNSIsIjEuNyIsIjAiLCI1IiwiMCIsIjAiLCIwIiwiMCIsIjAiCiJLZWl0aCBTbWl0aCIsIkRBTCIsIkZCIiwiMC4xIiwiMiIsIjUiLCIyLjUiLCIwLjMiLCIwIiwiMyIsIjIiLCIxMDAiLCIwIiwiMCIsIjAiCiJNYXR0aGV3IFNsYXRlciIsIk5FIiwiV1IiLCIwLjEiLCIxIiwiNSIsIjUiLCIwLjQiLCIwIiwiNSIsIjEiLCIxMDAiLCIwIiwiMCIsIjAiCiJQYXVsIFJpY2hhcmRzb24iLCJTRUEiLCJXUiIsIjAuMSIsIjEiLCI1IiwiNSIsIjAuMyIsIjAiLCI1IiwiMSIsIjEwMCIsIjAiLCIwIiwiMCIKIlNoYW5lIFd5bm4iLCJKQVgiLCJXUiIsIjAuNCIsIjIiLCI1IiwiMi41IiwiMSIsIjAiLCI3IiwiMCIsIjAiLCIwIiwiMCIsIjAiCiJNb2hhbWVkIFNhbnUiLCJBVEwiLCJXUiIsIjAuMSIsIjEiLCI1IiwiNSIsIjAuMyIsIjAiLCI1IiwiMCIsIjAiLCIwIiwiMCIsIjAiCiJMYXJyeSBGaXR6Z2VyYWxkIiwiQVJJIiwiV1IiLCIwLjEiLCIyIiwiNSIsIjIuNSIsIjAuMyIsIjAiLCI0IiwiMCIsIjAiLCIwIiwiMCIsIjAiCiJDYW1lcm9uIE1lcmVkaXRoIiwiQ0hJIiwiV1IiLCIwLjEiLCIxIiwiNiIsIjYiLCIwLjQiLCIwIiwiNiIsIjAiLCIwIiwiMCIsIjAiLCIwIgoiUm9iZXJ0IFdvb2RzIiwiQlVGIiwiV1IiLCIwLjEiLCIxIiwiNiIsIjYiLCIwLjUiLCIwIiwiNiIsIjEiLCIxMDAiLCIwIiwiMCIsIjAiCiJFbGkgUm9nZXJzIiwiUElUIiwiV1IiLCIwLjEiLCIxIiwiNiIsIjYiLCIwLjUiLCIwIiwiNiIsIjAiLCIwIiwiMCIsIjAiLCIwIgoiQ29yZXkgQnJvd24iLCJDQVIiLCJXUiIsIjAuMSIsIjIiLCI2IiwiMyIsIjAuNCIsIjAiLCI5IiwiMCIsIjAiLCIwIiwiMCIsIjAiCiJKaW1teSBHYXJvcHBvbG8iLCJORSIsIlFCIiwiMS43IiwiMTAiLCI2IiwiMC42IiwiMSIsIjAiLCIxMCIsIjEiLCIxMCIsIjAiLCIwIiwiMSIKIkJyYW5kb24gTWNNYW51cyIsIkRFTiIsIksiLCIwLjEiLCIxIiwiNiIsIjYiLCIwLjQiLCIwIiwiNiIsIjAiLCIwIiwiMCIsIjAiLCIwIgoiUmFoZWVtIE1vc3RlcnQiLCJTRiIsIlJCIiwiMSIsIjEiLCI2IiwiNiIsIjYiLCIwIiwiNiIsIjAiLCIwIiwiMCIsIjAiLCIwIgoiSm9lIEJhbnlhcmQiLCJKQVgiLCJSQiIsIjIiLCIyIiwiNyIsIjMuNSIsIjciLCIwIiwiNyIsIjAiLCIwIiwiMCIsIjAiLCIwIgoiQ29sZSBCZWFzbGV5IiwiREFMIiwiV1IiLCIwLjEiLCIxIiwiNyIsIjciLCIwLjQiLCIwIiwiNyIsIjAiLCIwIiwiMCIsIjAiLCIwIgoiUXVhbiBCcmF5IiwiSU5EIiwiV1IiLCIwLjIiLCIxIiwiNyIsIjciLCIxLjIiLCIwIiwiNyIsIjAiLCIwIiwiMCIsIjAiLCIwIgoiU3RldmFuIFJpZGxleSIsIkFUTCIsIlJCIiwiMyIsIjMiLCI3IiwiMi4zIiwiNyIsIjAiLCI3IiwiMSIsIjMzLjMiLCIwIiwiMCIsIjAiCiJCcnljZSBUcmVnZ3MiLCJQSEkiLCJXUiIsIjAuMiIsIjIiLCI3IiwiMy41IiwiMC44IiwiMCIsIjQiLCIyIiwiMTAwIiwiMCIsIjAiLCIwIgoiUGF1bCBMYXNpa2UiLCJDSEkiLCJGQiIsIjAuMyIsIjMiLCI4IiwiMi43IiwiMC44IiwiMCIsIjUiLCIzIiwiMTAwIiwiMCIsIjAiLCIwIgoiQW50b25pbyBCcm93biIsIlBJVCIsIldSIiwiMC4yIiwiMyIsIjkiLCIzIiwiMC42IiwiMCIsIjEzIiwiMSIsIjMzLjMiLCIwIiwiMCIsIjAiCiJDaHJpcyBIb2dhbiIsIk5FIiwiV1IiLCIwLjIiLCIzIiwiOSIsIjMiLCIwLjYiLCIwIiwiNiIsIjAiLCIwIiwiMCIsIjAiLCIwIgoiSmF5IFByb3NjaCIsIkhPVSIsIkZCIiwiMC4zIiwiNCIsIjkiLCIyLjMiLCIwLjYiLCIwIiwiNSIsIjMiLCI3NSIsIjAiLCIwIiwiMCIKIk9kZWxsIEJlY2toYW0iLCJOWUciLCJXUiIsIjAuMSIsIjEiLCI5IiwiOSIsIjAuNiIsIjAiLCI5IiwiMCIsIjAiLCIwIiwiMCIsIjAiCiJLZXZpbiBXaGl0ZSIsIkNISSIsIldSIiwiMC4yIiwiMSIsIjkiLCI5IiwiMi4yIiwiMCIsIjkiLCIwIiwiMCIsIjAiLCIwIiwiMCIKIkdlbm8gU21pdGgiLCJOWUoiLCJRQiIsIjEiLCIyIiwiOSIsIjQuNSIsIjQuNSIsIjAiLCI3IiwiMSIsIjUwIiwiMCIsIjAiLCIwIgoiUnVzc2VsbCBTaGVwYXJkIiwiVEIiLCJXUiIsIjAuMSIsIjEiLCI5IiwiOSIsIjAuNiIsIjAiLCI5IiwiMCIsIjAiLCIwIiwiMCIsIjAiCiJDLkouIFNwaWxsZXIiLCJOWUoiLCJSQiIsIjAuOCIsIjMiLCI5IiwiMyIsIjIuMiIsIjAiLCI0IiwiMiIsIjY2LjciLCIwIiwiMCIsIjAiCiJKb2huIEJyb3duIiwiQVJJIiwiV1IiLCIwLjEiLCIxIiwiMTAiLCIxMCIsIjAuNyIsIjAiLCIxMCIsIjEiLCIxMDAiLCIwIiwiMCIsIjAiCiJTdGVmb24gRGlnZ3MiLCJNSU4iLCJXUiIsIjAuMiIsIjMiLCIxMCIsIjMuMyIsIjAuOCIsIjAiLCIxMiIsIjEiLCIzMy4zIiwiMCIsIjAiLCIwIgoiQ29yZXkgQ29sZW1hbiIsIkNMRSIsIldSIiwiMC4yIiwiMiIsIjEwIiwiNSIsIjEiLCIwIiwiOSIsIjAiLCIwIiwiMCIsIjAiLCIwIgoiTWFydGVsbHVzIEJlbm5ldHQiLCJORSIsIlRFIiwiMC4xIiwiMiIsIjEwIiwiNSIsIjAuNiIsIjAiLCI2IiwiMCIsIjAiLCIwIiwiMCIsIjAiCiJQaGlsbGlwIERvcnNldHQiLCJJTkQiLCJXUiIsIjAuMSIsIjIiLCIxMCIsIjUiLCIwLjciLCIwIiwiNyIsIjAiLCIwIiwiMCIsIjAiLCIwIgoiUGVyY3kgSGFydmluIiwiQlVGIiwiV1IiLCIwLjUiLCIxIiwiMTEiLCIxMSIsIjUuNSIsIjAiLCIxMSIsIjEiLCIxMDAiLCIwIiwiMCIsIjAiCiJCcm9uc29uIEhpbGwiLCJKQVgiLCJSQiIsIjAuNyIsIjIiLCIxMSIsIjUuNSIsIjMuNyIsIjAiLCI3IiwiMCIsIjAiLCIwIiwiMCIsIjAiCiJEZWxhbmllIFdhbGtlciIsIlRFTiIsIlRFIiwiMC4xIiwiMiIsIjExIiwiNS41IiwiMC43IiwiMCIsIjgiLCIxIiwiNTAiLCIwIiwiMCIsIjAiCiJUb21teWxlZSBMZXdpcyIsIk5PIiwiV1IiLCIwLjIiLCIzIiwiMTEiLCIzLjciLCIwLjkiLCIwIiwiNyIsIjEiLCIzMy4zIiwiMCIsIjAiLCIwIgoiUXVpbmN5IEVudW53YSIsIk5ZSiIsIldSIiwiMC4xIiwiMSIsIjEyIiwiMTIiLCIwLjgiLCIwIiwiMTIiLCIxIiwiMTAwIiwiMCIsIjAiLCIwIgoiU3RlcGZhbiBUYXlsb3IiLCJBUkkiLCJSQiIsIjAuMyIsIjQiLCIxMiIsIjMiLCIwLjgiLCIwIiwiMTIiLCIxIiwiMjUiLCIwIiwiMCIsIjAiCiJUZXJyZW5jZSBNYWdlZSIsIlNFQSIsIlJCIiwiMS41IiwiMyIsIjEyIiwiNCIsIjYiLCIwIiwiNSIsIjAiLCIwIiwiMCIsIjAiLCIwIgoiVG9tIFNhdmFnZSIsIkhPVSIsIlFCIiwiMiIsIjYiLCIxMiIsIjIiLCI0IiwiMCIsIjExIiwiMiIsIjMzLjMiLCIwIiwiMCIsIjAiCiJKZXJvbWUgRmVsdG9uIiwiQlVGIiwiRkIiLCIwLjUiLCI4IiwiMTMiLCIxLjYiLCIwLjkiLCIwIiwiNiIsIjUiLCI2Mi41IiwiMCIsIjAiLCIwIgoiU2FtbWllIENvYXRlcyIsIlBJVCIsIldSIiwiMC4zIiwiNCIsIjE0IiwiMy41IiwiMSIsIjAiLCIxNSIsIjEiLCIyNSIsIjAiLCIwIiwiMCIKIkJlbiBSb2V0aGxpc2JlcmdlciIsIlBJVCIsIlFCIiwiMS4xIiwiMTYiLCIxNCIsIjAuOSIsIjEiLCIxIiwiMTQiLCIzIiwiMTguOCIsIjAiLCIwIiwiMiIKIk5lbHNvbiBBZ2hvbG9yIiwiUEhJIiwiV1IiLCIwLjMiLCI1IiwiMTQiLCIyLjgiLCIwLjkiLCIwIiwiNSIsIjAiLCIwIiwiMCIsIjAiLCIwIgoiWmFjaCBMaW5lIiwiTUlOIiwiRkIiLCIwLjUiLCI3IiwiMTUiLCIyLjEiLCIxIiwiMCIsIjUiLCIzIiwiNDIuOSIsIjAiLCIwIiwiMCIKIkFkYW0gVGhpZWxlbiIsIk1JTiIsIldSIiwiMC4xIiwiMiIsIjE1IiwiNy41IiwiMC45IiwiMCIsIjExIiwiMSIsIjUwIiwiMCIsIjAiLCIwIgoiQW50b25pbyBBbmRyZXdzIiwiVEVOIiwiUkIiLCIwLjEiLCIyIiwiMTUiLCI3LjUiLCIwLjkiLCIwIiwiOSIsIjAiLCIwIiwiMCIsIjAiLCIwIgoiS2VuZGFsbCBXcmlnaHQiLCJURU4iLCJXUiIsIjAuMSIsIjEiLCIxNSIsIjE1IiwiMS40IiwiMCIsIjE1IiwiMSIsIjEwMCIsIjAiLCIwIiwiMCIKIkNlZHJpYyBQZWVybWFuIiwiQ0lOIiwiUkIiLCIxIiwiNiIsIjE1IiwiMi41IiwiMi41IiwiMCIsIjQiLCIwIiwiMCIsIjAiLCIwIiwiMCIKIk1hcmMgTWFyaWFuaSIsIlRFTiIsIldSIiwiMC4xIiwiMSIsIjE1IiwiMTUiLCIwLjkiLCIwIiwiMTUiLCIxIiwiMTAwIiwiMCIsIjAiLCIwIgoiSmFyZWQgR29mZiIsIkxBIiwiUUIiLCIxLjEiLCI4IiwiMTYiLCIyIiwiMi4zIiwiMSIsIjYiLCIxIiwiMTIuNSIsIjAiLCIwIiwiMCIKIkNvbHRvbiBTY2htaWR0IiwiQlVGIiwiUCIsIjAuMSIsIjEiLCIxNiIsIjE2IiwiMSIsIjAiLCIxNiIsIjEiLCIxMDAiLCIwIiwiMCIsIjEiCiJKYXJ2aXMgTGFuZHJ5IiwiTUlBIiwiV1IiLCIwLjMiLCI1IiwiMTciLCIzLjQiLCIxLjEiLCIwIiwiMTMiLCIxIiwiMjAiLCIwIiwiMCIsIjAiCiJBZGFtIEh1bXBocmllcyIsIlRCIiwiV1IiLCIwLjMiLCI1IiwiMTgiLCIzLjYiLCIxLjIiLCIwIiwiOCIsIjAiLCIwIiwiMCIsIjAiLCIwIgoiQ29keSBLZXNzbGVyIiwiQ0xFIiwiUUIiLCIxLjIiLCIxMSIsIjE4IiwiMS42IiwiMiIsIjAiLCI4IiwiMSIsIjkuMSIsIjAiLCIwIiwiMyIKIkNocmlzIE1vb3JlIiwiQkFMIiwiV1IiLCIwLjIiLCIzIiwiMTkiLCI2LjMiLCIxLjMiLCIwIiwiMTAiLCIxIiwiMzMuMyIsIjAiLCIwIiwiMCIKIkJyeWNlIFBldHR5IiwiTllKIiwiUUIiLCIwLjgiLCI1IiwiMTkiLCIzLjgiLCIzLjIiLCIwIiwiOSIsIjEiLCIyMCIsIjAiLCIwIiwiMCIKIlRyYXZhcmlzIENhZGV0IiwiTk8iLCJSQiIsIjAuMyIsIjQiLCIxOSIsIjQuOCIsIjEuMyIsIjAiLCIxNiIsIjEiLCIyNSIsIjAiLCIwIiwiMCIKIkRyZXcgQnJlZXMiLCJOTyIsIlFCIiwiMS40IiwiMjMiLCIyMCIsIjAuOSIsIjEuMiIsIjIiLCI3IiwiNyIsIjMwLjQiLCIwIiwiMCIsIjAiCiJKb3NoIEZlcmd1c29uIiwiSU5EIiwiUkIiLCIwLjkiLCIxNSIsIjIwIiwiMS4zIiwiMS4yIiwiMCIsIjExIiwiMCIsIjAiLCIwIiwiMCIsIjAiCiJKb3NoIE1jQ293biIsIkNMRSIsIlFCIiwiMS40IiwiNyIsIjIxIiwiMyIsIjQuMiIsIjAiLCI3IiwiMCIsIjAiLCIwIiwiMCIsIjIiCiJUZXJyZWxsZSBQcnlvciIsIkNMRSIsIldSIiwiMC41IiwiOCIsIjIxIiwiMi42IiwiMS4zIiwiMSIsIjE1IiwiMiIsIjI1IiwiMCIsIjAiLCIxIgoiRUogTWFudWVsIiwiQlVGIiwiUUIiLCIxLjMiLCI4IiwiMjIiLCIyLjgiLCIzLjciLCIwIiwiOCIsIjMiLCIzNy41IiwiMCIsIjAiLCIxIgoiS2hpcnkgUm9iaW5zb24iLCJOWUoiLCJSQiIsIjgiLCI4IiwiMjIiLCIyLjgiLCIyMiIsIjAiLCIxMCIsIjEiLCIxMi41IiwiMCIsIjAiLCIxIgoiS3lsZSBKdXN6Y3p5ayIsIkJBTCIsIkZCIiwiMC4zIiwiNSIsIjIyIiwiNC40IiwiMS40IiwiMSIsIjEwVCIsIjMiLCI2MCIsIjAiLCIwIiwiMCIKIklzYWlhaCBQZWFkIiwiTUlBIiwiUkIiLCIyLjciLCI4IiwiMjIiLCIyLjgiLCI3LjMiLCIwIiwiNCIsIjAiLCIwIiwiMCIsIjAiLCIwIgoiS25pbGUgRGF2aXMiLCJLQyIsIlJCIiwiMS40IiwiMTMiLCIyMyIsIjEuOCIsIjIuNiIsIjAiLCI2IiwiMCIsIjAiLCIwIiwiMCIsIjAiCiJKYXkgQ3V0bGVyIiwiQ0hJIiwiUUIiLCIxIiwiNSIsIjI0IiwiNC44IiwiNC44IiwiMCIsIjEyIiwiMSIsIjIwIiwiMCIsIjAiLCIxIgoiRC5KLiBGb3N0ZXIiLCJORSIsIlJCIiwiMi4zIiwiNyIsIjI0IiwiMy40IiwiOCIsIjAiLCI3IiwiMCIsIjAiLCIwIiwiMCIsIjAiCiJQYXh0b24gTHluY2giLCJERU4iLCJRQiIsIjMuNyIsIjExIiwiMjUiLCIyLjMiLCI4LjMiLCIwIiwiMTAiLCIxIiwiOS4xIiwiMCIsIjAiLCIwIgoiSm9uIFJ5YW4iLCJTRUEiLCJQIiwiMC4xIiwiMiIsIjI2IiwiMTMiLCIxLjYiLCIwIiwiMjYiLCIxIiwiNTAiLCIxIiwiMCIsIjEiCiJKdXdhbiBUaG9tcHNvbiIsIkRFTiIsIlJCIiwiMSIsIjgiLCIyNiIsIjMuMyIsIjMuMiIsIjEiLCIxNCIsIjIiLCIyNSIsIjAiLCIwIiwiMCIKIkJyYW5kb24gV2lsZHMiLCJOWUoiLCJSQiIsIjIuNSIsIjEwIiwiMjciLCIyLjciLCI2LjgiLCIwIiwiNiIsIjEiLCIxMCIsIjAiLCIwIiwiMCIKIk1hcnF1ZXR0ZSBLaW5nIiwiT0FLIiwiUCIsIjAuMSIsIjIiLCIyNyIsIjEzLjUiLCIxLjciLCIwIiwiMjciLCIxIiwiNTAiLCIxIiwiMCIsIjEiCiJUZXJyZWxsIFdhdHNvbiIsIlBISSIsIlJCIiwiOSIsIjkiLCIyOCIsIjMuMSIsIjI4IiwiMSIsIjgiLCIyIiwiMjIuMiIsIjAiLCIwIiwiMCIKIkRlJ0FudGhvbnkgVGhvbWFzIiwiS0MiLCJXUiIsIjAuMyIsIjQiLCIyOSIsIjcuMyIsIjIuNCIsIjAiLCIyMyIsIjEiLCIyNSIsIjEiLCIwIiwiMCIKIkJyYW5kaW4gQ29va3MiLCJOTyIsIldSIiwiMC40IiwiNiIsIjMwIiwiNSIsIjEuOSIsIjAiLCIxMSIsIjEiLCIxNi43IiwiMCIsIjAiLCIwIgoiQ2hyaXMgSm9uZXMiLCJEQUwiLCJQIiwiMC4xIiwiMSIsIjMwIiwiMzAiLCIxLjkiLCIwIiwiMzAiLCIxIiwiMTAwIiwiMSIsIjAiLCIwIgoiTGFuY2UgRHVuYmFyIiwiREFMIiwiUkIiLCIwLjciLCI5IiwiMzEiLCIzLjQiLCIyLjQiLCIxIiwiMTAiLCIzIiwiMzMuMyIsIjAiLCIwIiwiMCIKIk1pa2UgV2FsbGFjZSIsIkJBTCIsIldSIiwiMC4zIiwiNSIsIjMxIiwiNi4yIiwiMS45IiwiMCIsIjEzIiwiMiIsIjQwIiwiMCIsIjAiLCIwIgoiU3RlcmxpbmcgU2hlcGFyZCIsIk5ZRyIsIldSIiwiMC4yIiwiMyIsIjMxIiwiMTAuMyIsIjEuOSIsIjAiLCIyMiIsIjEiLCIzMy4zIiwiMSIsIjAiLCIwIgoiRG9uIEphY2tzb24iLCJHQiIsIlJCIiwiMy4zIiwiMTAiLCIzMiIsIjMuMiIsIjEwLjciLCIwIiwiNyIsIjEiLCIxMCIsIjAiLCIwIiwiMCIKIkRhbmllbCBMYXNjbyIsIk5PIiwiUkIiLCIxLjYiLCIxMSIsIjMyIiwiMi45IiwiNC42IiwiMCIsIjYiLCIxIiwiOS4xIiwiMCIsIjAiLCIwIgoiUmFuZGFsbCBDb2JiIiwiR0IiLCJXUiIsIjAuOCIsIjEwIiwiMzMiLCIzLjMiLCIyLjUiLCIwIiwiMTQiLCI0IiwiNDAiLCIwIiwiMCIsIjAiCiJBbmR5IEphbm92aWNoIiwiREVOIiwiRkIiLCIwLjQiLCI0IiwiMzMiLCI4LjMiLCIzIiwiMSIsIjI4VCIsIjIiLCI1MCIsIjEiLCIwIiwiMCIKIkphdm9yaXVzIEFsbGVuIiwiQkFMIiwiUkIiLCIxLjEiLCI5IiwiMzQiLCIzLjgiLCI0LjIiLCIwIiwiNyIsIjAiLCIwIiwiMCIsIjAiLCIwIgoiR2VvcmdlIEF0a2luc29uIiwiQ0xFIiwiUkIiLCIwLjQiLCI3IiwiMzQiLCI0LjkiLCIyLjEiLCIxIiwiMTEiLCIzIiwiNDIuOSIsIjAiLCIwIiwiMCIKIlBoaWxpcCBSaXZlcnMiLCJTRCIsIlFCIiwiMC45IiwiMTQiLCIzNSIsIjIuNSIsIjIuMiIsIjAiLCIxMCIsIjIiLCIxNC4zIiwiMCIsIjAiLCIyIgoiTWFycWlzZSBMZWUiLCJKQVgiLCJXUiIsIjAuNCIsIjYiLCIzNSIsIjUuOCIsIjIuMiIsIjAiLCIxMSIsIjIiLCIzMy4zIiwiMCIsIjAiLCIwIgoiSm9zaCBCZWxsYW15IiwiQ0hJIiwiV1IiLCIwLjIiLCI0IiwiMzciLCI5LjMiLCIyLjMiLCIwIiwiMjIiLCIyIiwiNTAiLCIxIiwiMCIsIjAiCiJKb2huIEt1aG4iLCJOTyIsIkZCIiwiMS4xIiwiMTgiLCIzNyIsIjIuMSIsIjIuMyIsIjQiLCI0IiwiMTIiLCI2Ni43IiwiMCIsIjAiLCIwIgoiQ2Fyc29uIFBhbG1lciIsIkFSSSIsIlFCIiwiMC45IiwiMTQiLCIzOCIsIjIuNyIsIjIuNSIsIjAiLCIxNiIsIjMiLCIyMS40IiwiMCIsIjAiLCI1IgoiSmVmZiBKYW5pcyIsIkdCIiwiV1IiLCIwLjEiLCIyIiwiMzgiLCIxOSIsIjIuNCIsIjEiLCIxOVQiLCIyIiwiMTAwIiwiMCIsIjAiLCIwIgoiTWFsY29sbSBCcm93biIsIkxBIiwiUkIiLCIxLjEiLCIxOCIsIjM5IiwiMi4yIiwiMi40IiwiMCIsIjEwIiwiMSIsIjUuNiIsIjAiLCIwIiwiMSIKIkphbWFhbCBDaGFybGVzIiwiS0MiLCJSQiIsIjQiLCIxMiIsIjQwIiwiMy4zIiwiMTMuMyIsIjEiLCIxNyIsIjMiLCIyNSIsIjAiLCIwIiwiMCIKIlJvYmJ5IEFuZGVyc29uIiwiTllKIiwiV1IiLCIwLjIiLCIzIiwiNDIiLCIxNCIsIjIuNiIsIjAiLCIzMCIsIjIiLCI2Ni43IiwiMSIsIjAiLCIwIgoiQ29yZGFycmVsbGUgUGF0dGVyc29uIiwiTUlOIiwiV1IiLCIwLjQiLCI3IiwiNDMiLCI2LjEiLCIyLjciLCIwIiwiMjIiLCIyIiwiMjguNiIsIjEiLCIwIiwiMCIKIlRyb3ltYWluZSBQb3BlIiwiU0VBIiwiUkIiLCIzLjciLCIxMSIsIjQzIiwiMy45IiwiMTQuMyIsIjAiLCIxOCIsIjMiLCIyNy4zIiwiMCIsIjAiLCIwIgoiSm9obm55IEhvbHRvbiIsIk9BSyIsIldSIiwiMC40IiwiNiIsIjQzIiwiNy4yIiwiMi45IiwiMCIsIjI5IiwiMiIsIjMzLjMiLCIxIiwiMCIsIjEiCiJBbnRvbmUgU21pdGgiLCJUQiIsIlJCIiwiMy4zIiwiMTAiLCI0NyIsIjQuNyIsIjE1LjciLCIwIiwiOCIsIjEiLCIxMCIsIjAiLCIwIiwiMiIKIkphbWl6ZSBPbGF3YWxlIiwiT0FLIiwiRkIiLCIxLjEiLCIxNyIsIjQ3IiwiMi44IiwiMi45IiwiMiIsIjE3IiwiNSIsIjI5LjQiLCIwIiwiMCIsIjAiCiJCcmFuZG9uIFRhdGUiLCJCVUYiLCJXUiIsIjAuMiIsIjMiLCI0OCIsIjE2IiwiMy4yIiwiMCIsIjMwIiwiMiIsIjY2LjciLCIxIiwiMCIsIjAiCiJNaWtlIERhdmlzIiwiU0YiLCJSQiIsIjIuNCIsIjE5IiwiNTAiLCIyLjYiLCI2LjIiLCIxIiwiOCIsIjQiLCIyMS4xIiwiMCIsIjAiLCIxIgoiQWxiZXJ0IFdpbHNvbiIsIktDIiwiV1IiLCIwLjEiLCIyIiwiNTAiLCIyNSIsIjMuMSIsIjEiLCI1NVQiLCIxIiwiNTAiLCIxIiwiMSIsIjAiCiJUYXlsb3IgR2FicmllbCIsIkFUTCIsIldSIiwiMC4zIiwiNCIsIjUxIiwiMTIuOCIsIjMuOSIsIjEiLCIyNyIsIjMiLCI3NSIsIjEiLCIwIiwiMCIKIkNhc2UgS2VlbnVtIiwiTEEiLCJRQiIsIjIiLCIyMCIsIjUxIiwiMi42IiwiNS4xIiwiMSIsIjEzIiwiNyIsIjM1IiwiMCIsIjAiLCIwIgoiU2FtIEJyYWRmb3JkIiwiTUlOIiwiUUIiLCIxLjMiLCIyMCIsIjUzIiwiMi43IiwiMy41IiwiMCIsIjI0IiwiMyIsIjE1IiwiMSIsIjAiLCIxIgoiQXJpYW4gRm9zdGVyIiwiTUlBIiwiUkIiLCI1LjUiLCIyMiIsIjU1IiwiMi41IiwiMTMuOCIsIjAiLCI5IiwiMiIsIjkuMSIsIjAiLCIwIiwiMSIKIkp1bGlhbiBFZGVsbWFuIiwiTkUiLCJXUiIsIjAuOCIsIjEyIiwiNTciLCI0LjgiLCIzLjYiLCIwIiwiOSIsIjMiLCIyNSIsIjAiLCIwIiwiMSIKIlRyZXZvciBTaWVtaWFuIiwiREVOIiwiUUIiLCIyIiwiMjgiLCI1NyIsIjIiLCI0LjEiLCIwIiwiMTQiLCI2IiwiMjEuNCIsIjAiLCIwIiwiMSIKIlR5bGVyIEJveWQiLCJDSU4iLCJXUiIsIjAuMiIsIjQiLCI1OCIsIjE0LjUiLCIzLjYiLCIwIiwiMzkiLCIyIiwiNTAiLCIxIiwiMCIsIjAiCiJKb2UgRmxhY2NvIiwiQkFMIiwiUUIiLCIxLjMiLCIyMSIsIjU4IiwiMi44IiwiMy42IiwiMiIsIjE2IiwiNiIsIjI4LjYiLCIwIiwiMCIsIjEiCiJGaXR6Z2VyYWxkIFRvdXNzYWludCIsIlBJVCIsIlJCIiwiMC45IiwiMTQiLCI1OCIsIjQuMSIsIjMuNiIsIjAiLCIxNiIsIjIiLCIxNC4zIiwiMCIsIjAiLCIwIgoiSm9yZGFuIFRvZG1hbiIsIklORCIsIlJCIiwiMC42IiwiOSIsIjU5IiwiNi42IiwiMy43IiwiMCIsIjE5IiwiMyIsIjMzLjMiLCIwIiwiMCIsIjAiCiJEYXJyaXVzIEhleXdhcmQtQmV5IiwiUElUIiwiV1IiLCIwLjEiLCIxIiwiNjAiLCI2MCIsIjYiLCIxIiwiNjBUIiwiMSIsIjEwMCIsIjEiLCIxIiwiMCIKIkJvYmJ5IFJhaW5leSIsIk5ZRyIsIlJCIiwiMS4xIiwiMTciLCI2MyIsIjMuNyIsIjQuMiIsIjAiLCIxNCIsIjQiLCIyMy41IiwiMCIsIjAiLCIwIgoiQnlyb24gTWFyc2hhbGwiLCJQSEkiLCJXUiIsIjYuMyIsIjE5IiwiNjQiLCIzLjQiLCIyMS4zIiwiMCIsIjEyIiwiNSIsIjI2LjMiLCIwIiwiMCIsIjAiCiJUb20gQnJhZHkiLCJORSIsIlFCIiwiMi4zIiwiMjgiLCI2NCIsIjIuMyIsIjUuMyIsIjAiLCIxNSIsIjEwIiwiMzUuNyIsIjAiLCIwIiwiMSIKIkRlcmVrIENhcnIiLCJPQUsiLCJRQiIsIjIuNiIsIjM5IiwiNzAiLCIxLjgiLCI0LjciLCIwIiwiMTMiLCI1IiwiMTIuOCIsIjAiLCIwIiwiMyIKIkFkcmlhbiBQZXRlcnNvbiIsIk1JTiIsIlJCIiwiMTIuMyIsIjM3IiwiNzIiLCIxLjkiLCIyNCIsIjAiLCIxMyIsIjMiLCI4LjEiLCIwIiwiMCIsIjEiCiJNaWNoYWVsIENhbXBhbmFybyIsIkJBTCIsIldSIiwiMSIsIjMiLCI3MiIsIjI0IiwiMjQiLCIwIiwiMzkiLCIzIiwiMTAwIiwiMiIsIjAiLCIwIgoiUm9ubmllIEhpbGxtYW4iLCJTRCIsIlJCIiwiNy43IiwiMjMiLCI4MSIsIjMuNSIsIjI3IiwiMCIsIjE3IiwiMyIsIjEzIiwiMCIsIjAiLCIwIgoiTHVja3kgV2hpdGVoZWFkIiwiREFMIiwiV1IiLCIwLjciLCIxMCIsIjgyIiwiOC4yIiwiNS41IiwiMCIsIjI2IiwiNCIsIjQwIiwiMSIsIjAiLCIxIgoiTWFjayBCcm93biIsIldBUyIsIlJCIiwiMC45IiwiOCIsIjgyIiwiMTAuMyIsIjkuMSIsIjEiLCI2MVQiLCIxIiwiMTIuNSIsIjEiLCIxIiwiMCIKIkouSi4gTmVsc29uIiwiQVJJIiwiV1IiLCIwLjMiLCI0IiwiODMiLCIyMC44IiwiNS41IiwiMSIsIjU2VCIsIjMiLCI3NSIsIjEiLCIxIiwiMCIKIkphY29ieSBCcmlzc2V0dCIsIk5FIiwiUUIiLCI1LjMiLCIxNiIsIjgzIiwiNS4yIiwiMjcuNyIsIjEiLCIyN1QiLCI1IiwiMzEuMyIsIjEiLCIwIiwiMiIKIkFuZHJlIFdpbGxpYW1zIiwiU0QiLCJSQiIsIjE4IiwiMTgiLCI4NyIsIjQuOCIsIjg3IiwiMCIsIjE0IiwiNiIsIjMzLjMiLCIwIiwiMCIsIjAiCiJEYXJyZW4gTWNGYWRkZW4iLCJEQUwiLCJSQiIsIjgiLCIyNCIsIjg3IiwiMy42IiwiMjkiLCIwIiwiMjQiLCI1IiwiMjAuOCIsIjEiLCIwIiwiMCIKIkpvbmF0aGFuIFdpbGxpYW1zIiwiQlVGIiwiUkIiLCIyLjUiLCIyNyIsIjk0IiwiMy41IiwiOC41IiwiMSIsIjIwIiwiNiIsIjIyLjIiLCIxIiwiMCIsIjIiCiJDaHJpcyBKb2huc29uIiwiQVJJIiwiUkIiLCI2LjIiLCIyNSIsIjk1IiwiMy44IiwiMjMuOCIsIjEiLCIxOCIsIjUiLCIyMCIsIjAiLCIwIiwiMCIKIktpcmsgQ291c2lucyIsIldBUyIsIlFCIiwiMi4xIiwiMzQiLCI5NiIsIjIuOCIsIjYiLCI0IiwiMTlUIiwiMTQiLCI0MS4yIiwiMCIsIjAiLCIzIgoiQW5kcmUgRWxsaW5ndG9uIiwiQVJJIiwiUkIiLCIyLjEiLCIzNCIsIjk2IiwiMi44IiwiNiIsIjAiLCIxMyIsIjQiLCIxMS44IiwiMCIsIjAiLCIwIgoiVGVkIEdpbm4iLCJDQVIiLCJXUiIsIjAuOSIsIjE0IiwiOTgiLCI3IiwiNi4xIiwiMCIsIjIwIiwiNCIsIjI4LjYiLCIxIiwiMCIsIjAiCiJBbWVlciBBYmR1bGxhaCIsIkRFVCIsIlJCIiwiOSIsIjE4IiwiMTAxIiwiNS42IiwiNTAuNSIsIjAiLCIyNCIsIjYiLCIzMy4zIiwiMSIsIjAiLCIwIgoiQmVubnkgQ3VubmluZ2hhbSIsIkxBIiwiUkIiLCIxLjkiLCIyMSIsIjEwMSIsIjQuOCIsIjkuMiIsIjAiLCIyNCIsIjQiLCIxOSIsIjIiLCIwIiwiMSIKIktldmluIEhvZ2FuIiwiQ0xFIiwiUUIiLCIyIiwiOCIsIjEwNSIsIjEzLjEiLCIyNi4yIiwiMSIsIjI4VCIsIjUiLCI2Mi41IiwiMSIsIjAiLCIwIgoiSm9uYXRoYW4gR3JpbWVzIiwiSE9VIiwiUkIiLCIyLjMiLCIyMyIsIjEwNSIsIjQuNiIsIjEwLjUiLCIwIiwiMTQiLCI1IiwiMjEuNyIsIjAiLCIwIiwiMCIKIkFrZWVtIEh1bnQiLCJIT1UiLCJSQiIsIjIuNSIsIjIwIiwiMTA5IiwiNS41IiwiMTMuNiIsIjAiLCIxOSIsIjQiLCIyMCIsIjAiLCIwIiwiMiIKIk9ybGVhbnMgRGFya3dhIiwiTllHIiwiUkIiLCIzIiwiMzAiLCIxMTEiLCIzLjciLCIxMS4xIiwiMiIsIjE3IiwiNyIsIjIzLjMiLCIwIiwiMCIsIjAiCiJNaWtlIFRvbGJlcnQiLCJDQVIiLCJGQiIsIjIuMiIsIjM1IiwiMTE0IiwiMy4zIiwiNy4xIiwiMCIsIjE0IiwiNSIsIjE0LjMiLCIwIiwiMCIsIjAiCiJDaHJpc3RpbmUgTWljaGFlbCIsIkdCIiwiUkIiLCI1LjIiLCIzMSIsIjExNCIsIjMuNyIsIjE5IiwiMSIsIjQyVCIsIjUiLCIxNi4xIiwiMSIsIjEiLCIwIgoiVHlsZXIgTG9ja2V0dCIsIlNFQSIsIldSIiwiMC40IiwiNiIsIjExNCIsIjE5IiwiNy42IiwiMSIsIjc1VCIsIjQiLCI2Ni43IiwiMSIsIjEiLCIwIgoiRGFtaWVuIFdpbGxpYW1zIiwiTUlBIiwiUkIiLCIyLjMiLCIzNSIsIjExNSIsIjMuMyIsIjcuNyIsIjMiLCIyMyIsIjgiLCIyMi45IiwiMSIsIjAiLCIwIgoiRGFubnkgV29vZGhlYWQiLCJTRCIsIlJCIiwiOS41IiwiMTkiLCIxMTYiLCI2LjEiLCI1OCIsIjAiLCIyMyIsIjYiLCIzMS42IiwiMiIsIjAiLCIwIgoiTWF0dCBSeWFuIiwiQVRMIiwiUUIiLCIyLjIiLCIzNSIsIjExNyIsIjMuMyIsIjcuMyIsIjAiLCIxOCIsIjEzIiwiMzcuMSIsIjAiLCIwIiwiMSIKIkFsZXggQ29sbGlucyIsIlNFQSIsIlJCIiwiMi44IiwiMzEiLCIxMjUiLCI0IiwiMTEuNCIsIjEiLCIyNiIsIjgiLCIyNS44IiwiMSIsIjAiLCIyIgoiS2EnRGVlbSBDYXJleSIsIkNISSIsIlJCIiwiMi43IiwiMzIiLCIxMjYiLCIzLjkiLCIxMC41IiwiMCIsIjI0IiwiNCIsIjEyLjUiLCIxIiwiMCIsIjAiCiJLZW5qb24gQmFybmVyIiwiUEhJIiwiUkIiLCIyLjEiLCIyNyIsIjEyOSIsIjQuOCIsIjkuOSIsIjIiLCIxOSIsIjkiLCIzMy4zIiwiMCIsIjAiLCIwIgoiS2FwcmkgQmliYnMiLCJERU4iLCJSQiIsIjIuNCIsIjI5IiwiMTI5IiwiNC40IiwiMTAuOCIsIjAiLCIyNCIsIjciLCIyNC4xIiwiMSIsIjAiLCIwIgoiUnlhbiBGaXR6cGF0cmljayIsIk5ZSiIsIlFCIiwiMi40IiwiMzMiLCIxMzAiLCIzLjkiLCI5LjMiLCIwIiwiMTQiLCI3IiwiMjEuMiIsIjAiLCIwIiwiMyIKIkJyb2NrIE9zd2VpbGVyIiwiSE9VIiwiUUIiLCIyIiwiMzAiLCIxMzEiLCI0LjQiLCI4LjciLCIyIiwiMjEiLCIxMyIsIjQzLjMiLCIxIiwiMCIsIjIiCiJBbGV4IFNtaXRoIiwiS0MiLCJRQiIsIjMuMiIsIjQ4IiwiMTM0IiwiMi44IiwiOC45IiwiNSIsIjI0IiwiOSIsIjE4LjgiLCIxIiwiMCIsIjIiCiJEdUp1YW4gSGFycmlzIiwiU0YiLCJSQiIsIjMuOCIsIjM4IiwiMTM4IiwiMy42IiwiMTMuOCIsIjAiLCIxOSIsIjYiLCIxNS44IiwiMCIsIjAiLCIxIgoiRGVuYXJkIFJvYmluc29uIiwiSkFYIiwiUkIiLCIzLjIiLCI0MSIsIjE0NCIsIjMuNSIsIjExLjEiLCIwIiwiOSIsIjQiLCI5LjgiLCIwIiwiMCIsIjAiCiJDYW1lcm9uIEFydGlzLVBheW5lIiwiQ0FSIiwiUkIiLCIxMiIsIjM2IiwiMTQ0IiwiNCIsIjQ4IiwiMiIsIjE0IiwiNSIsIjEzLjkiLCIwIiwiMCIsIjAiCiJKYW1lcyBTdGFya3MiLCJHQiIsIlJCIiwiNyIsIjYzIiwiMTQ1IiwiMi4zIiwiMTYuMSIsIjAiLCIxMSIsIjkiLCIxNC4zIiwiMCIsIjAiLCIwIgoiQ2hhcmxlcyBTaW1zIiwiVEIiLCJSQiIsIjcuMyIsIjUxIiwiMTQ5IiwiMi45IiwiMjEuMyIsIjEiLCIyMyIsIjYiLCIxMS44IiwiMSIsIjAiLCIxIgoiQWFyb24gUmlwa293c2tpIiwiR0IiLCJGQiIsIjIuMSIsIjM0IiwiMTUwIiwiNC40IiwiOS40IiwiMiIsIjE1IiwiMTAiLCIyOS40IiwiMCIsIjAiLCIwIgoiQ2Fyc29uIFdlbnR6IiwiUEhJIiwiUUIiLCIyLjkiLCI0NiIsIjE1MCIsIjMuMyIsIjkuNCIsIjIiLCIxNyIsIjE1IiwiMzIuNiIsIjAiLCIwIiwiNCIKIlRlcnJvbiBXYXJkIiwiQVRMIiwiUkIiLCI2LjIiLCIzMSIsIjE1MSIsIjQuOSIsIjMwLjIiLCIwIiwiNDUiLCI2IiwiMTkuNCIsIjIiLCIxIiwiMCIKIkp1c3RpbiBGb3JzZXR0IiwiREVOIiwiUkIiLCIxMC44IiwiNDMiLCIxNTUiLCIzLjYiLCIzOC44IiwiMSIsIjY0IiwiNiIsIjE0IiwiMSIsIjEiLCIyIgoiS2Vyd3lubiBXaWxsaWFtcyIsIkFSSSIsIlJCIiwiMS44IiwiMTgiLCIxNTciLCI4LjciLCIxNS43IiwiMiIsIjQ5VCIsIjgiLCI0NC40IiwiMyIsIjEiLCIwIgoiU2hhbmUgVmVyZWVuIiwiTllHIiwiUkIiLCI2LjYiLCIzMyIsIjE1OCIsIjQuOCIsIjMxLjYiLCIxIiwiMjUiLCI4IiwiMjQuMiIsIjEiLCIwIiwiMSIKIlRhdm9uIEF1c3RpbiIsIkxBIiwiV1IiLCIxLjkiLCIyOCIsIjE1OSIsIjUuNyIsIjEwLjYiLCIxIiwiMzBUIiwiNyIsIjI1IiwiMiIsIjAiLCIxIgoiUm9iZXJ0IFR1cmJpbiIsIklORCIsIlJCIiwiMy4xIiwiNDciLCIxNjQiLCIzLjUiLCIxMC45IiwiNyIsIjE4IiwiMjAiLCI0Mi42IiwiMCIsIjAiLCIwIgoiUnlhbiBUYW5uZWhpbGwiLCJNSUEiLCJRQiIsIjMiLCIzOSIsIjE2NCIsIjQuMiIsIjEyLjYiLCIxIiwiMTgiLCIxMCIsIjI1LjYiLCIwIiwiMCIsIjQiCiJDb3JleSBHcmFudCIsIkpBWCIsIlJCIiwiMi45IiwiMzIiLCIxNjQiLCI1LjEiLCIxNC45IiwiMSIsIjU3VCIsIjYiLCIxOC44IiwiMSIsIjEiLCIwIgoiSmFtZWlzIFdpbnN0b24iLCJUQiIsIlFCIiwiMy4zIiwiNTMiLCIxNjUiLCIzLjEiLCIxMC4zIiwiMSIsIjE0IiwiMTAiLCIxOC45IiwiMCIsIjAiLCI0IgoiSmFtZXMgV2hpdGUiLCJORSIsIlJCIiwiMi40IiwiMzkiLCIxNjYiLCI0LjMiLCIxMC40IiwiMCIsIjE2IiwiOCIsIjIwLjUiLCIwIiwiMCIsIjAiCiJDLkouIFByb3Npc2UiLCJTRUEiLCJSQiIsIjUiLCIzMCIsIjE3MiIsIjUuNyIsIjI4LjciLCIxIiwiNzJUIiwiMyIsIjEwIiwiMSIsIjEiLCIwIgoiQmxhaW5lIEdhYmJlcnQiLCJTRiIsIlFCIiwiNi43IiwiNDAiLCIxNzMiLCI0LjMiLCIyOC44IiwiMiIsIjI0IiwiMTUiLCIzNy41IiwiMSIsIjAiLCIwIgoiS2VueWFuIERyYWtlIiwiTUlBIiwiUkIiLCIyLjEiLCIzMyIsIjE3OSIsIjUuNCIsIjExLjIiLCIyIiwiNDVUIiwiOSIsIjI3LjMiLCIxIiwiMSIsIjAiCiJBbmR5IERhbHRvbiIsIkNJTiIsIlFCIiwiMi45IiwiNDYiLCIxODQiLCI0IiwiMTEuNSIsIjQiLCIxNSIsIjE3IiwiMzciLCIwIiwiMCIsIjUiCiJSb2JlcnQgR3JpZmZpbiBJSUkiLCJDTEUiLCJRQiIsIjYuMiIsIjMxIiwiMTkwIiwiNi4xIiwiMzgiLCIyIiwiMjAiLCIxMCIsIjMyLjMiLCIxIiwiMCIsIjIiCiJLZW5uZXRoIEZhcnJvdyIsIlNEIiwiUkIiLCI0LjYiLCI2MCIsIjE5MiIsIjMuMiIsIjE0LjgiLCIwIiwiMTEiLCIxMCIsIjE2LjciLCIwIiwiMCIsIjEiCiJTaGF1biBEcmF1Z2huIiwiU0YiLCJSQiIsIjQuNiIsIjc0IiwiMTk2IiwiMi42IiwiMTIuMiIsIjQiLCIxOCIsIjE1IiwiMjAuMyIsIjAiLCIwIiwiMCIKIkplcmVteSBMYW5nZm9yZCIsIkNISSIsIlJCIiwiNS4yIiwiNjIiLCIyMDAiLCIzLjIiLCIxNi43IiwiNCIsIjIzIiwiMTIiLCIxOS40IiwiMSIsIjAiLCIyIgoiTWF0dGhldyBTdGFmZm9yZCIsIkRFVCIsIlFCIiwiMi4zIiwiMzciLCIyMDciLCI1LjYiLCIxMi45IiwiMiIsIjI0IiwiMTUiLCI0MC41IiwiMSIsIjAiLCIwIgoiUGV5dG9uIEJhcmJlciIsIlRCIiwiUkIiLCIzLjciLCI1NSIsIjIyMyIsIjQuMSIsIjE0LjkiLCIxIiwiNDRUIiwiMTAiLCIxOC4yIiwiMSIsIjEiLCIwIgoiQWxmcmVkIE1vcnJpcyIsIkRBTCIsIlJCIiwiNC45IiwiNjkiLCIyNDMiLCIzLjUiLCIxNy40IiwiMiIsIjE3IiwiMTUiLCIyMS43IiwiMCIsIjAiLCIwIgoiUnVzc2VsbCBXaWxzb24iLCJTRUEiLCJRQiIsIjQuNSIsIjcyIiwiMjU5IiwiMy42IiwiMTYuMiIsIjEiLCIxOCIsIjE2IiwiMjIuMiIsIjAiLCIwIiwiMiIKIkR3YXluZSBXYXNoaW5ndG9uIiwiREVUIiwiUkIiLCI3LjUiLCI5MCIsIjI2NSIsIjIuOSIsIjIyLjEiLCIxIiwiMjgiLCIxMSIsIjEyLjIiLCIxIiwiMCIsIjAiCiJGb3p6eSBXaGl0dGFrZXIiLCJDQVIiLCJSQiIsIjMuNiIsIjU3IiwiMjY1IiwiNC42IiwiMTYuNiIsIjAiLCIyNSIsIjEwIiwiMTcuNSIsIjEiLCIwIiwiMSIKIlR5cmVlayBIaWxsIiwiS0MiLCJXUiIsIjEuNSIsIjI0IiwiMjY3IiwiMTEuMSIsIjE2LjciLCIzIiwiNzBUIiwiMTAiLCI0MS43IiwiNCIsIjIiLCIwIgoiRGFrIFByZXNjb3R0IiwiREFMIiwiUUIiLCIzLjYiLCI1NyIsIjI4MiIsIjQuOSIsIjE3LjYiLCI2IiwiMTgiLCIyMSIsIjM2LjgiLCIwIiwiMCIsIjMiCiJEaW9uIExld2lzIiwiTkUiLCJSQiIsIjkuMSIsIjY0IiwiMjgzIiwiNC40IiwiNDAuNCIsIjAiLCIxNSIsIjE0IiwiMjEuOSIsIjAiLCIwIiwiMSIKIkNoYXJjYW5kcmljayBXZXN0IiwiS0MiLCJSQiIsIjUuOSIsIjg4IiwiMjkzIiwiMy4zIiwiMTkuNSIsIjEiLCIyOCIsIjE0IiwiMTUuOSIsIjIiLCIwIiwiMCIKIldlbmRlbGwgU21hbGx3b29kIiwiUEhJIiwiUkIiLCI1LjkiLCI3NyIsIjMxMiIsIjQuMSIsIjI0IiwiMSIsIjE5IiwiMjAiLCIyNiIsIjAiLCIwIiwiMSIKIlphY2ggWmVubmVyIiwiREVUIiwiRkIiLCI2LjMiLCI4OCIsIjMzNCIsIjMuOCIsIjIzLjkiLCI0IiwiMjAiLCIyMiIsIjI1IiwiMSIsIjAiLCIxIgoiR2lvdmFuaSBCZXJuYXJkIiwiQ0lOIiwiUkIiLCI5LjEiLCI5MSIsIjMzNyIsIjMuNyIsIjMzLjciLCIyIiwiMTciLCIxNSIsIjE2LjUiLCIwIiwiMCIsIjAiCiJBbmRyZXcgTHVjayIsIklORCIsIlFCIiwiNC4zIiwiNjQiLCIzNDEiLCI1LjMiLCIyMi43IiwiMiIsIjMzIiwiMjAiLCIzMS4zIiwiMyIsIjAiLCIzIgoiRGVBbmdlbG8gV2lsbGlhbXMiLCJQSVQiLCJSQiIsIjEwLjkiLCI5OCIsIjM0MyIsIjMuNSIsIjM4LjEiLCI0IiwiMTciLCIyMCIsIjIwLjQiLCIwIiwiMCIsIjAiCiJSZXggQnVya2hlYWQiLCJDSU4iLCJSQiIsIjQuNiIsIjc0IiwiMzQ0IiwiNC42IiwiMjEuNSIsIjIiLCIxNyIsIjIzIiwiMzEuMSIsIjAiLCIwIiwiMCIKIlRob21hcyBSYXdscyIsIlNFQSIsIlJCIiwiMTIuMSIsIjEwOSIsIjM0OSIsIjMuMiIsIjM4LjgiLCIzIiwiNDVUIiwiMjEiLCIxOS4zIiwiMSIsIjEiLCIwIgoiTWFyY3VzIE1hcmlvdGEiLCJURU4iLCJRQiIsIjQiLCI2MCIsIjM0OSIsIjUuOCIsIjIzLjMiLCIyIiwiNDEiLCIxOSIsIjMxLjciLCIzIiwiMSIsIjciCiJDaHJpcyBUaG9tcHNvbiIsIldBUyIsIlJCIiwiNC4yIiwiNjgiLCIzNTYiLCI1LjIiLCIyMi4yIiwiMyIsIjI1VCIsIjE2IiwiMjMuNSIsIjIiLCIwIiwiMSIKIlRoZW8gUmlkZGljayIsIkRFVCIsIlJCIiwiOS4yIiwiOTIiLCIzNTciLCIzLjkiLCIzNS43IiwiMSIsIjQyIiwiMTkiLCIyMC43IiwiMiIsIjEiLCIwIgoiRHVrZSBKb2huc29uIiwiQ0xFIiwiUkIiLCI0LjYiLCI3MyIsIjM1OCIsIjQuOSIsIjIyLjQiLCIxIiwiMjIiLCIxNyIsIjIzLjMiLCIyIiwiMCIsIjEiCiJDYW0gTmV3dG9uIiwiQ0FSIiwiUUIiLCI2IiwiOTAiLCIzNTkiLCI0IiwiMjMuOSIsIjUiLCIyOCIsIjI4IiwiMzEuMSIsIjIiLCIwIiwiMSIKIkJsYWtlIEJvcnRsZXMiLCJKQVgiLCJRQiIsIjMuNiIsIjU4IiwiMzU5IiwiNi4yIiwiMjIuNCIsIjMiLCIyNyIsIjIwIiwiMzQuNSIsIjQiLCIwIiwiMiIKIkVkZGllIExhY3kiLCJHQiIsIlJCIiwiMTQuMiIsIjcxIiwiMzYwIiwiNS4xIiwiNzIiLCIwIiwiMzEiLCIxNSIsIjIxLjEiLCI0IiwiMCIsIjAiCiJBYXJvbiBSb2RnZXJzIiwiR0IiLCJRQiIsIjQuMiIsIjY3IiwiMzY5IiwiNS41IiwiMjMuMSIsIjQiLCIyMyIsIjI1IiwiMzcuMyIsIjMiLCIwIiwiMyIKIktlbm5ldGggRGl4b24iLCJCQUwiLCJSQiIsIjcuMyIsIjg4IiwiMzgyIiwiNC4zIiwiMzEuOCIsIjIiLCIyMCIsIjI2IiwiMjkuNSIsIjEiLCIwIiwiMSIKIk1hdHQgQXNpYXRhIiwiTUlOIiwiUkIiLCI3LjYiLCIxMjEiLCI0MDIiLCIzLjMiLCIyNS4xIiwiNiIsIjI5IiwiMjciLCIyMi4zIiwiMiIsIjAiLCIxIgoiQWxmcmVkIEJsdWUiLCJIT1UiLCJSQiIsIjcuMSIsIjEwMCIsIjQyMCIsIjQuMiIsIjMwIiwiMSIsIjI1IiwiMjMiLCIyMyIsIjIiLCIwIiwiMiIKIkRvdWcgTWFydGluIiwiVEIiLCJSQiIsIjE4IiwiMTQ0IiwiNDIxIiwiMi45IiwiNTIuNiIsIjMiLCIxNyIsIjIzIiwiMTYiLCIwIiwiMCIsIjEiCiJDLkouIEFuZGVyc29uIiwiREVOIiwiUkIiLCIxNS43IiwiMTEwIiwiNDM3IiwiNCIsIjYyLjQiLCI0IiwiMjgiLCIyMiIsIjIwIiwiMSIsIjAiLCIwIgoiRGFycmVuIFNwcm9sZXMiLCJQSEkiLCJSQiIsIjYuMyIsIjk0IiwiNDM4IiwiNC43IiwiMjkuMiIsIjIiLCIyNVQiLCIyMiIsIjIzLjQiLCIxIiwiMCIsIjAiCiJDaHJpcyBJdm9yeSIsIkpBWCIsIlJCIiwiMTAuNiIsIjExNyIsIjQzOSIsIjMuOCIsIjM5LjkiLCIzIiwiNDIiLCIyMSIsIjE3LjkiLCIyIiwiMiIsIjUiCiJQYXVsIFBlcmtpbnMiLCJOWUciLCJSQiIsIjgiLCIxMTIiLCI0NTYiLCI0LjEiLCIzMi42IiwiMCIsIjIyIiwiMjIiLCIxOS42IiwiMiIsIjAiLCIxIgoiVHkgTW9udGdvbWVyeSIsIkdCIiwiUkIiLCI1LjEiLCI3NyIsIjQ1NyIsIjUuOSIsIjMwLjUiLCIzIiwiNjEiLCIyMCIsIjI2IiwiNSIsIjEiLCIxIgoiTWF0dCBKb25lcyIsIldBUyIsIlJCIiwiMTQuMSIsIjk5IiwiNDYwIiwiNC42IiwiNjUuNyIsIjMiLCI1NyIsIjI4IiwiMjguMyIsIjMiLCIxIiwiMyIKIlQuSi4gWWVsZG9uIiwiSkFYIiwiUkIiLCI4LjciLCIxMzAiLCI0NjUiLCIzLjYiLCIzMSIsIjEiLCIxNiIsIjIxIiwiMTYuMiIsIjAiLCIwIiwiMiIKIkRlQW5kcmUgV2FzaGluZ3RvbiIsIk9BSyIsIlJCIiwiNi4yIiwiODciLCI0NjciLCI1LjQiLCIzMy40IiwiMiIsIjMwIiwiMTkiLCIyMS44IiwiNyIsIjAiLCIxIgoiQ29saW4gS2FlcGVybmljayIsIlNGIiwiUUIiLCI1LjgiLCI2OSIsIjQ2OCIsIjYuOCIsIjM5IiwiMiIsIjMwIiwiMjgiLCI0MC42IiwiMyIsIjAiLCIyIgoiRGVycmljayBIZW5yeSIsIlRFTiIsIlJCIiwiNy4zIiwiMTEwIiwiNDkwIiwiNC41IiwiMzIuNyIsIjUiLCIyMiIsIjI5IiwiMjYuNCIsIjEiLCIwIiwiMCIKIkphbGVuIFJpY2hhcmQiLCJPQUsiLCJSQiIsIjUuMiIsIjgzIiwiNDkxIiwiNS45IiwiMzAuNyIsIjEiLCI3NVQiLCIxNCIsIjE2LjkiLCI1IiwiMSIsIjAiCiJUZXZpbiBDb2xlbWFuIiwiQVRMIiwiUkIiLCI5LjEiLCIxMTgiLCI1MjAiLCI0LjQiLCI0MCIsIjgiLCI1NVQiLCIyNCIsIjIwLjMiLCI1IiwiMSIsIjEiCiJKZXJpY2sgTWNLaW5ub24iLCJNSU4iLCJSQiIsIjEwLjYiLCIxNTkiLCI1MzkiLCIzLjQiLCIzNS45IiwiMiIsIjM2IiwiMjEiLCIxMy4yIiwiMiIsIjAiLCIwIgoiVGltIEhpZ2h0b3dlciIsIk5PIiwiUkIiLCI4LjMiLCIxMzMiLCI1NDgiLCI0LjEiLCIzNC4yIiwiNCIsIjMwIiwiMzIiLCIyNC4xIiwiNCIsIjAiLCIwIgoiSmFjcXVpenogUm9kZ2VycyIsIlRCIiwiUkIiLCIxMi45IiwiMTI5IiwiNTYwIiwiNC4zIiwiNTYiLCIyIiwiNDUiLCIyOSIsIjIyLjUiLCIzIiwiMSIsIjAiCiJNaWtlIEdpbGxpc2xlZSIsIkJVRiIsIlJCIiwiNi43IiwiMTAxIiwiNTc3IiwiNS43IiwiMzguNSIsIjgiLCI0NFQiLCIzOSIsIjM4LjYiLCI3IiwiMSIsIjAiCiJUeXJvZCBUYXlsb3IiLCJCVUYiLCJRQiIsIjYuMyIsIjk1IiwiNTgwIiwiNi4xIiwiMzguNyIsIjYiLCI0OSIsIjMxIiwiMzIuNiIsIjciLCIxIiwiMyIKIlJhc2hhZCBKZW5uaW5ncyIsIk5ZRyIsIlJCIiwiMTMuOSIsIjE4MSIsIjU5MyIsIjMuMyIsIjQ1LjYiLCIzIiwiMjUiLCIyOSIsIjE2IiwiMyIsIjAiLCIwIgoiRGV2b250YWUgQm9va2VyIiwiREVOIiwiUkIiLCIxMC45IiwiMTc0IiwiNjEyIiwiMy41IiwiMzguMiIsIjQiLCIxOCIsIjMwIiwiMTcuMiIsIjAiLCIwIiwiMiIKIlJ5YW4gTWF0aGV3cyIsIlBISSIsIlJCIiwiMTEuOSIsIjE1NSIsIjY2MSIsIjQuMyIsIjUwLjgiLCI4IiwiMzAiLCIzOCIsIjI0LjUiLCI2IiwiMCIsIjMiCiJSb2IgS2VsbGV5IiwiV0FTIiwiUkIiLCIxMS4yIiwiMTY4IiwiNzA0IiwiNC4yIiwiNDYuOSIsIjYiLCI2NiIsIjI5IiwiMTcuMyIsIjQiLCIyIiwiMCIKIkJpbGFsIFBvd2VsbCIsIk5ZSiIsIlJCIiwiOC4yIiwiMTMxIiwiNzIyIiwiNS41IiwiNDUuMSIsIjMiLCIzNVQiLCI0NSIsIjM0LjQiLCI0IiwiMCIsIjAiCiJUZXJyYW5jZSBXZXN0IiwiQkFMIiwiUkIiLCIxMi4xIiwiMTkzIiwiNzc0IiwiNCIsIjQ4LjQiLCI1IiwiNDEiLCIzNSIsIjE4LjEiLCI1IiwiMSIsIjIiCiJMYXRhdml1cyBNdXJyYXkiLCJPQUsiLCJSQiIsIjEzLjkiLCIxOTUiLCI3ODgiLCI0IiwiNTYuMyIsIjEyIiwiNDIiLCI1MiIsIjI2LjciLCI1IiwiMSIsIjIiCiJNYXR0IEZvcnRlIiwiTllKIiwiUkIiLCIxNS42IiwiMjE4IiwiODEzIiwiMy43IiwiNTguMSIsIjciLCIzMiIsIjM1IiwiMTYuMSIsIjUiLCIwIiwiMSIKIkpvbmF0aGFuIFN0ZXdhcnQiLCJDQVIiLCJSQiIsIjE2LjgiLCIyMTgiLCI4MjQiLCIzLjgiLCI2My40IiwiOSIsIjQ3IiwiNDciLCIyMS42IiwiNiIsIjEiLCIzIgoiSmVyZW15IEhpbGwiLCJDSU4iLCJSQiIsIjE0LjgiLCIyMjIiLCI4MzkiLCIzLjgiLCI1NS45IiwiOSIsIjc0VCIsIjQyIiwiMTguOSIsIjUiLCIzIiwiMCIKIlRvZGQgR3VybGV5IiwiTEEiLCJSQiIsIjE3LjQiLCIyNzgiLCI4ODUiLCIzLjIiLCI1NS4zIiwiNiIsIjI0VCIsIjQ4IiwiMTcuMyIsIjIiLCIwIiwiMiIKIlNwZW5jZXIgV2FyZSIsIktDIiwiUkIiLCIxNS4zIiwiMjE0IiwiOTIxIiwiNC4zIiwiNjUuOCIsIjMiLCI0NiIsIjQ3IiwiMjIiLCIzIiwiMiIsIjMiCiJJc2FpYWggQ3Jvd2VsbCIsIkNMRSIsIlJCIiwiMTIuNCIsIjE5OCIsIjk1MiIsIjQuOCIsIjU5LjUiLCI3IiwiODVUIiwiNDUiLCIyMi43IiwiOCIsIjMiLCIyIgoiQ2FybG9zIEh5ZGUiLCJTRiIsIlJCIiwiMTYuNyIsIjIxNyIsIjk4OCIsIjQuNiIsIjc2IiwiNiIsIjQ3IiwiNDgiLCIyMi4xIiwiNyIsIjIiLCI0IgoiTWVsdmluIEdvcmRvbiIsIlNEIiwiUkIiLCIxOS41IiwiMjU0IiwiOTk3IiwiMy45IiwiNzYuNyIsIjEwIiwiNDgiLCI2MSIsIjI0IiwiNyIsIjMiLCIyIgoiRnJhbmsgR29yZSIsIklORCIsIlJCIiwiMTYuNCIsIjI2MyIsIjEwMjUiLCIzLjkiLCI2NC4xIiwiNCIsIjIyIiwiNTAiLCIxOSIsIjEiLCIwIiwiMiIKIk1hcmsgSW5ncmFtIiwiTk8iLCJSQiIsIjEyLjgiLCIyMDUiLCIxMDQzIiwiNS4xIiwiNjUuMiIsIjYiLCI3NVQiLCI0OSIsIjIzLjkiLCI0IiwiMiIsIjIiCiJMYW1hciBNaWxsZXIiLCJIT1UiLCJSQiIsIjE5LjEiLCIyNjgiLCIxMDczIiwiNCIsIjc2LjYiLCI1IiwiNDUiLCI1MiIsIjE5LjQiLCI3IiwiMSIsIjIiCiJEZXZvbnRhIEZyZWVtYW4iLCJBVEwiLCJSQiIsIjE0LjIiLCIyMjciLCIxMDc5IiwiNC44IiwiNjcuNCIsIjExIiwiNzVUIiwiNjEiLCIyNi45IiwiNyIsIjIiLCIxIgoiTGVHYXJyZXR0ZSBCbG91bnQiLCJORSIsIlJCIiwiMTguNyIsIjI5OSIsIjExNjEiLCIzLjkiLCI3Mi42IiwiMTgiLCI0NCIsIjY3IiwiMjIuNCIsIjciLCIzIiwiMiIKIkRhdmlkIEpvaG5zb24iLCJBUkkiLCJSQiIsIjE4LjMiLCIyOTMiLCIxMjM5IiwiNC4yIiwiNzcuNCIsIjE2IiwiNThUIiwiNzIiLCIyNC42IiwiNiIsIjIiLCI1IgoiTGVTZWFuIE1jQ295IiwiQlVGIiwiUkIiLCIxNS42IiwiMjM0IiwiMTI2NyIsIjUuNCIsIjg0LjUiLCIxMyIsIjc1VCIsIjU1IiwiMjMuNSIsIjExIiwiMyIsIjMiCiJMZSdWZW9uIEJlbGwiLCJQSVQiLCJSQiIsIjIxLjgiLCIyNjEiLCIxMjY4IiwiNC45IiwiMTA1LjciLCI3IiwiNDQiLCI2OSIsIjI2LjQiLCI0IiwiMSIsIjMiCiJKYXkgQWpheWkiLCJNSUEiLCJSQiIsIjE3LjMiLCIyNjAiLCIxMjcyIiwiNC45IiwiODQuOCIsIjgiLCI2MlQiLCI2MCIsIjIzLjEiLCIxMCIsIjQiLCI0IgoiRGVNYXJjbyBNdXJyYXkiLCJURU4iLCJSQiIsIjE4LjMiLCIyOTMiLCIxMjg3IiwiNC40IiwiODAuNCIsIjkiLCI3NVQiLCI2NCIsIjIxLjgiLCI0IiwiMiIsIjMiCiJKb3JkYW4gSG93YXJkIiwiQ0hJIiwiUkIiLCIxNi44IiwiMjUyIiwiMTMxMyIsIjUuMiIsIjg3LjUiLCI2IiwiNjkiLCI3MCIsIjI3LjgiLCIxMCIsIjIiLCIxIgoiRXpla2llbCBFbGxpb3R0IiwiREFMIiwiUkIiLCIyMS41IiwiMzIyIiwiMTYzMSIsIjUuMSIsIjEwOC43IiwiMTUiLCI2MFQiLCI5MSIsIjI4LjMiLCIxNCIsIjMiLCI1Igo="`;
